// Jest Snapshot v1, https://goo.gl/fbAQLP

exports[`Snapshot output is unchanged 1`] = `
Object {
  "Outputs": Object {
    "MyTestConstructURLF867ECEA": Object {
      "Value": Object {
        "Fn::GetAtt": Array [
          "MyTestConstructDistributionCFDistribution93AF8D7C",
          "DomainName",
        ],
      },
    },
  },
  "Resources": Object {
    "MyTestConstructDistributionCFDistribution93AF8D7C": Object {
      "Properties": Object {
        "DistributionConfig": Object {
          "Aliases": Array [],
          "DefaultCacheBehavior": Object {
            "AllowedMethods": Array [
              "GET",
              "HEAD",
            ],
            "CachedMethods": Array [
              "GET",
              "HEAD",
            ],
            "Compress": true,
            "ForwardedValues": Object {
              "Cookies": Object {
                "Forward": "none",
              },
              "QueryString": false,
            },
            "TargetOriginId": "origin1",
            "ViewerProtocolPolicy": "redirect-to-https",
          },
          "DefaultRootObject": "index.html",
          "Enabled": true,
          "HttpVersion": "http2",
          "IPV6Enabled": true,
          "Origins": Array [
            Object {
              "ConnectionAttempts": 3,
              "ConnectionTimeout": 10,
              "DomainName": Object {
                "Fn::GetAtt": Array [
                  "MyTestConstructbucketAC9E5A87",
                  "RegionalDomainName",
                ],
              },
              "Id": "origin1",
              "S3OriginConfig": Object {
                "OriginAccessIdentity": Object {
                  "Fn::Join": Array [
                    "",
                    Array [
                      "origin-access-identity/cloudfront/",
                      Object {
                        "Ref": "MyTestConstructOAI3FFF55EF",
                      },
                    ],
                  ],
                },
              },
            },
          ],
          "PriceClass": "PriceClass_All",
          "ViewerCertificate": Object {
            "CloudFrontDefaultCertificate": true,
          },
        },
      },
      "Type": "AWS::CloudFront::Distribution",
    },
    "MyTestConstructOAI3FFF55EF": Object {
      "Properties": Object {
        "CloudFrontOriginAccessIdentityConfig": Object {
          "Comment": "Allows CloudFront to reach the bucket",
        },
      },
      "Type": "AWS::CloudFront::CloudFrontOriginAccessIdentity",
    },
    "MyTestConstructbucketAC9E5A87": Object {
      "DeletionPolicy": "Retain",
      "Type": "AWS::S3::Bucket",
      "UpdateReplacePolicy": "Retain",
    },
    "MyTestConstructbucketPolicy5AD14DC8": Object {
      "Properties": Object {
        "Bucket": Object {
          "Ref": "MyTestConstructbucketAC9E5A87",
        },
        "PolicyDocument": Object {
          "Statement": Array [
            Object {
              "Action": "s3:GetObject",
              "Effect": "Allow",
              "Principal": Object {
                "CanonicalUser": Object {
                  "Fn::GetAtt": Array [
                    "MyTestConstructOAI3FFF55EF",
                    "S3CanonicalUserId",
                  ],
                },
              },
              "Resource": Object {
                "Fn::Join": Array [
                  "",
                  Array [
                    Object {
                      "Fn::GetAtt": Array [
                        "MyTestConstructbucketAC9E5A87",
                        "Arn",
                      ],
                    },
                    "/*",
                  ],
                ],
              },
            },
          ],
          "Version": "2012-10-17",
        },
      },
      "Type": "AWS::S3::BucketPolicy",
    },
  },
}
`;
